rustc 1.75.0 (82e1608df 2023-12-21)
solana-cli 1.18.26 (src:c2b35002; feat:3241752014, client:Agave)
solana-cargo-build-sbf 1.18.26
platform-tools v1.41
rustc 1.75.0
warning: virtual workspace defaulting to `resolver = "1"` despite one or more workspace members being on edition 2021 which implies `resolver = "2"`
note: to keep the current resolver, specify `workspace.resolver = "1"` in the workspace root's manifest
note: to use the edition 2021 resolver, specify `workspace.resolver = "2"` in the workspace root's manifest
note: for more details see https://doc.rust-lang.org/cargo/reference/resolver.html#resolver-versions
   Compiling proc-macro2 v1.0.94
   Compiling unicode-ident v1.0.18
   Compiling serde v1.0.219
   Compiling version_check v0.9.5
   Compiling typenum v1.18.0
   Compiling syn v1.0.109
   Compiling thiserror v1.0.69
   Compiling serde_json v1.0.140
   Compiling semver v1.0.26
   Compiling subtle v2.4.1
   Compiling cpufeatures v0.2.17
   Compiling cfg-if v1.0.1
   Compiling libc v0.2.174
   Compiling equivalent v1.0.2
   Compiling hashbrown v0.15.4
   Compiling toml_datetime v0.6.11
   Compiling once_cell v1.21.3
   Compiling autocfg v1.5.0
   Compiling generic-array v0.14.7
   Compiling rustc_version v0.4.1
   Compiling indexmap v2.10.0
   Compiling quote v1.0.40
   Compiling shlex v1.3.0
   Compiling winnow v0.7.11
   Compiling zerocopy v0.8.26
   Compiling syn v2.0.104
   Compiling ahash v0.7.8
   Compiling ahash v0.8.12
   Compiling jobserver v0.1.33
   Compiling rustversion v1.0.21
   Compiling toml_edit v0.22.27
   Compiling feature-probe v0.1.1
   Compiling cc v1.2.27
   Compiling solana-frozen-abi-macro v1.18.26
   Compiling cfg_aliases v0.2.1
   Compiling borsh v1.5.7
   Compiling bv v0.11.1
   Compiling proc-macro-crate v3.3.0
   Compiling borsh-derive-internal v0.10.4
   Compiling borsh-schema-derive-internal v0.10.4
   Compiling borsh-schema-derive-internal v0.9.3
   Compiling borsh-derive-internal v0.9.3
   Compiling solana-frozen-abi v1.18.26
   Compiling memoffset v0.9.1
   Compiling num-traits v0.2.19
   Compiling hashbrown v0.13.2
   Compiling hashbrown v0.11.2
   Compiling constant_time_eq v0.3.1
   Compiling keccak v0.1.5
   Compiling memchr v2.7.5
   Compiling blake3 v1.8.2
   Compiling solana-program v1.18.26
   Compiling arrayvec v0.7.6
   Compiling log v0.4.27
   Compiling arrayref v0.3.9
   Compiling bs58 v0.4.0
   Compiling either v1.15.0
   Compiling ryu v1.0.20
   Compiling lazy_static v1.5.0
   Compiling itoa v1.0.15
   Compiling itertools v0.10.5
   Compiling getrandom v0.2.16
   Compiling anyhow v1.0.98
   Compiling unicode-segmentation v1.12.0
   Compiling heck v0.3.3
   Compiling base64 v0.21.7
   Compiling bs58 v0.5.1
   Compiling solana-security-txt v1.1.1
   Compiling assert_matches v1.5.0
   Compiling anchor-derive-space v0.30.1
   Compiling serde_derive v1.0.219
   Compiling thiserror-impl v1.0.69
   Compiling bytemuck_derive v1.9.3
   Compiling borsh-derive v1.5.7
   Compiling solana-sdk-macro v1.18.26
   Compiling num-derive v0.4.2
   Compiling num_enum_derive v0.7.4
   Compiling num_enum v0.7.4
   Compiling bytemuck v1.23.1
   Compiling serde_bytes v0.11.17
   Compiling bincode v1.3.3
   Compiling toml v0.5.11
   Compiling anchor-lang-idl-spec v0.1.0
   Compiling crypto-common v0.1.6
   Compiling block-buffer v0.10.4
   Compiling proc-macro-crate v0.1.5
   Compiling digest v0.10.7
   Compiling sha2 v0.10.9
   Compiling sha3 v0.10.8
   Compiling spl-discriminator-syn v0.2.0
   Compiling anchor-syn v0.30.1
   Compiling anchor-lang-idl v0.1.2
   Compiling borsh-derive v0.9.3
   Compiling borsh-derive v0.10.4
   Compiling spl-program-error-derive v0.4.1
   Compiling spl-discriminator-derive v0.2.0
   Compiling borsh v0.10.4
   Compiling borsh v0.9.3
   Compiling anchor-attribute-event v0.30.1
   Compiling anchor-derive-serde v0.30.1
   Compiling anchor-attribute-account v0.30.1
   Compiling anchor-attribute-access-control v0.30.1
   Compiling anchor-derive-accounts v0.30.1
   Compiling anchor-attribute-constant v0.30.1
   Compiling anchor-attribute-error v0.30.1
   Compiling solana-zk-token-sdk v1.18.26
   Compiling spl-program-error v0.4.4
   Compiling spl-discriminator v0.2.5
   Compiling spl-token v4.0.3
   Compiling spl-memo v4.0.4
   Compiling anchor-attribute-program v0.30.1
   Compiling spl-pod v0.2.5
   Compiling spl-type-length-value v0.4.6
   Compiling spl-token-group-interface v0.2.5
   Compiling spl-tlv-account-resolution v0.6.5
   Compiling spl-token-metadata-interface v0.3.5
   Compiling anchor-lang v0.30.1
   Compiling spl-transfer-hook-interface v0.6.5
   Compiling spl-token-2022 v3.0.5
   Compiling spl-associated-token-account v3.0.4
   Compiling anchor-spl v0.30.1
   Compiling relay-depository v0.1.0 (/build/programs/relay-depository)
warning: the item `hash` is imported redundantly
    --> programs/relay-depository/src/lib.rs:1077:9
     |
4    |         hash::{hash, Hash},
     |                ---- the item `hash` is already imported here
...
1077 |     use anchor_lang::solana_program::hash::hash;
     |         ^^^^^^^^^^^^^^^^^^^^^^^^^^^^^^^^^^^^^^^
     |
     = note: `#[warn(unused_imports)]` on by default

warning: unused doc comment
    --> programs/relay-depository/src/lib.rs:1100:5
     |
1100 | /     /// Taken from:
1101 | |     /// https://github.com/raydium-io/raydium-clmm/blob/eb7c392be9c8ef8af6eefb92ff834fc41ab975e3/programs/amm/src/util/token.rs#L218C1-L238C2
     | |_____________________________________________________________________________________________________________________________________________^
1102 |       let mint_info = mint_account.to_account_info();
     |       ----------------------------------------------- rustdoc does not generate documentation for statements
     |
     = help: use `//` for a plain comment
     = note: `#[warn(unused_doc_comments)]` on by default

warning: `relay-depository` (lib) generated 2 warnings
    Finished release [optimized] target(s) in 1m 44s
+ wget https://github.com/Snaipe/Criterion/releases/download/v2.3.3/criterion-v2.3.3-linux-x86_64.tar.bz2 -O criterion-v2.3.3-linux-x86_64.tar.bz2 --progress=dot:giga --retry-connrefused --read-timeout=30
--2026-09-08 11:00:45--  https://github.com/Snaipe/Criterion/releases/download/v2.3.3/criterion-v2.3.3-linux-x86_64.tar.bz2
Resolving github.com (github.com)... 140.82.121.4
Connecting to github.com (github.com)|140.82.121.4|:443... connected.
HTTP request sent, awaiting response... 302 Found
Location: https://release-assets.githubusercontent.com/github-production-release-asset/30111969/98b27400-e1f1-11e8-8f10-e43f4ef84b92?sp=r&sv=2018-11-09&sr=b&spr=https&se=2026-09-08T12%3A00%3A09Z&rscd=attachment%3B+filename%3Dcriterion-v2.3.3-linux-x86_64.tar.bz2&rsct=application%2Foctet-stream&skoid=96c2d410-5711-43a1-aedd-ab1947aa7ab0&sktid=398a6654-997b-47e9-b12b-9515b896b4de&skt=2026-09-08T11%3A00%3A06Z&ske=2026-09-08T12%3A00%3A09Z&sks=b&skv=2018-11-09&sig=XGCQl0ThL78eK204ihF1j9yI3OL5SFlzFmY%2BPlyENy4%3D&jwt=eyJ0eXAiOiJKV1QiLCJhbGciOiJIUzI1NiJ9.eyJpc3MiOiJnaXRodWIuY29tIiwiYXVkIjoicmVsZWFzZS1hc3NldHMuZ2l0aHVidXNlcmNvbnRlbnQuY29tIiwia2V5Ijoia2V5MSIsImV4cCI6MTc4ODg2NTU0NSwibmJmIjoxNzg4ODY1MjQ1LCJwYXRoIjoicmVsZWFzZWFzc2V0cHJvZHVjdGlvbi5ibG9iLmNvcmUud2luZG93cy5uZXQifQ.EbfVWVvC9RdbpWb9d4dZoBPx7Sce90dql5JiaQNQ94E&response-content-disposition=attachment%3B%20filename%3Dcriterion-v2.3.3-linux-x86_64.tar.bz2&response-content-type=application%2Foctet-stream [following]
--2026-09-08 11:00:45--  https://release-assets.githubusercontent.com/github-production-release-asset/30111969/98b27400-e1f1-11e8-8f10-e43f4ef84b92?sp=r&sv=2018-11-09&sr=b&spr=https&se=2026-09-08T12%3A00%3A09Z&rscd=attachment%3B+filename%3Dcriterion-v2.3.3-linux-x86_64.tar.bz2&rsct=application%2Foctet-stream&skoid=96c2d410-5711-43a1-aedd-ab1947aa7ab0&sktid=398a6654-997b-47e9-b12b-9515b896b4de&skt=2026-09-08T11%3A00%3A06Z&ske=2026-09-08T12%3A00%3A09Z&sks=b&skv=2018-11-09&sig=XGCQl0ThL78eK204ihF1j9yI3OL5SFlzFmY%2BPlyENy4%3D&jwt=eyJ0eXAiOiJKV1QiLCJhbGciOiJIUzI1NiJ9.eyJpc3MiOiJnaXRodWIuY29tIiwiYXVkIjoicmVsZWFzZS1hc3NldHMuZ2l0aHVidXNlcmNvbnRlbnQuY29tIiwia2V5Ijoia2V5MSIsImV4cCI6MTc4ODg2NTU0NSwibmJmIjoxNzg4ODY1MjQ1LCJwYXRoIjoicmVsZWFzZWFzc2V0cHJvZHVjdGlvbi5ibG9iLmNvcmUud2luZG93cy5uZXQifQ.EbfVWVvC9RdbpWb9d4dZoBPx7Sce90dql5JiaQNQ94E&response-content-disposition=attachment%3B%20filename%3Dcriterion-v2.3.3-linux-x86_64.tar.bz2&response-content-type=application%2Foctet-stream
Resolving release-assets.githubusercontent.com (release-assets.githubusercontent.com)... 185.199.111.133, 185.199.110.133, 185.199.109.133, ...
Connecting to release-assets.githubusercontent.com (release-assets.githubusercontent.com)|185.199.111.133|:443... connected.
HTTP request sent, awaiting response... 200 OK
Length: 677858 (662K) [application/octet-stream]
Saving to: 'criterion-v2.3.3-linux-x86_64.tar.bz2'

     0K                                    100% 20.3M=0.03s

2026-09-08 11:00:45 (20.3 MB/s) - 'criterion-v2.3.3-linux-x86_64.tar.bz2' saved [677858/677858]

+ tar --strip-components 1 -jxf criterion-v2.3.3-linux-x86_64.tar.bz2
+ ./platform-tools/rust/bin/rustc --version
+ ./platform-tools/rust/bin/rustc --print sysroot
+ set +e
+ rustup toolchain uninstall solana
info: uninstalling toolchain 'solana'
info: toolchain 'solana' uninstalled
+ set -e
+ rustup toolchain link solana platform-tools/rust
+ exit 0
